[1;37m> Deleting merged branches...
[0m[33m! No merged branches to delete.
[0m[1;37m> Deleting squash-merged branches...
[0m[33m! No squash-merged branches to delete.
[0m