[1;31mError: Not a git repository (or any of the parent directories).
[0m